Computing FOV frustum and gaze fixation for subject sub-002  using following parameters: fps=1, hfov=100.0, vfov=100.0
Loading preprocessed data for subject sub-002  in directory /ptmp/hleosme/avr_output/sub-002
Note: Data was trimmed to 1396 frames (1396.85 total seconds at 1 FPS)
                                  
================================= 
Global information about the job: 
================================= 
  
Job owner: hleosme(50175)
Job name:  avr_preprocess
Node list: ravc4074
Job start: Wed Aug 26 15:52:34 CEST 2026
Job end:   Wed Aug 26 16:01:32 CEST 2026
Work dir:  /u/hleosme/projects/avr-final-project/./
Command:   /raven/u/hleosme/projects/avr-final-project/run_analysis.sh
  
  
  
==========================================================================================
Information on jobsteps (Note: MaxRSS/AveRSS is the maximum/average over all 
tasks of the per-task memory high-water marks; cf. "man sacct"): 
==========================================================================================
  
JobID            JobName NNodes NTasks  NCPUS       MaxRSS       AveRSS    Elapsed ExitCode
------------- ---------- ------ ------ ------ ------------ ------------ ---------- --------
29642644      avr_prepro      1             2                             00:08:58      0:0
29642644.0        python      1      1      2     6014.57M     6014.57M   00:08:57     0:15
  
Maximum memory per node: 6.306730 GB (defined as MaxRSS*Ntasks/NNodes)
CPU utilization: 92.8 %
  
