Since sub is None, we iterate over subject directories in /ptmp/hleosme/avr_data/rawdata: ['sub-046', 'sub-044', 'sub-042', 'sub-017', 'sub-015', 'sub-038', 'sub-036', 'sub-034', 'sub-009', 'sub-007', 'sub-005', 'sub-028', 'sub-026', 'sub-047', 'sub-045', 'sub-018', 'sub-021', 'sub-016', 'sub-039', 'sub-037', 'sub-040', 'sub-011', 'sub-029', 'sub-032', 'sub-030', 'sub-003', 'sub-001', 'sub-024', 'sub-019', 'sub-022', 'sub-020', 'sub-043', 'sub-041', 'sub-014', 'sub-012', 'sub-035', 'sub-033', 'sub-031', 'sub-006', 'sub-004', 'sub-002', 'sub-027', 'sub-025', 'sub-023']
Processing experimental data for subject sub-046  at /ptmp/hleosme/avr_data/rawdata/sub-046...
Processing experimental data for subject sub-044  at /ptmp/hleosme/avr_data/rawdata/sub-044...
Processing experimental data for subject sub-042  at /ptmp/hleosme/avr_data/rawdata/sub-042...
Processing experimental data for subject sub-017  at /ptmp/hleosme/avr_data/rawdata/sub-017...
Processing experimental data for subject sub-015  at /ptmp/hleosme/avr_data/rawdata/sub-015...
Processing experimental data for subject sub-038  at /ptmp/hleosme/avr_data/rawdata/sub-038...
Processing experimental data for subject sub-036  at /ptmp/hleosme/avr_data/rawdata/sub-036...
Processing experimental data for subject sub-034  at /ptmp/hleosme/avr_data/rawdata/sub-034...
Processing experimental data for subject sub-009  at /ptmp/hleosme/avr_data/rawdata/sub-009...
Processing experimental data for subject sub-007  at /ptmp/hleosme/avr_data/rawdata/sub-007...
Processing experimental data for subject sub-005  at /ptmp/hleosme/avr_data/rawdata/sub-005...
Processing experimental data for subject sub-028  at /ptmp/hleosme/avr_data/rawdata/sub-028...
Processing experimental data for subject sub-026  at /ptmp/hleosme/avr_data/rawdata/sub-026...
Processing experimental data for subject sub-047  at /ptmp/hleosme/avr_data/rawdata/sub-047...
Processing experimental data for subject sub-045  at /ptmp/hleosme/avr_data/rawdata/sub-045...
Processing experimental data for subject sub-018  at /ptmp/hleosme/avr_data/rawdata/sub-018...
Processing experimental data for subject sub-021  at /ptmp/hleosme/avr_data/rawdata/sub-021...
Processing experimental data for subject sub-016  at /ptmp/hleosme/avr_data/rawdata/sub-016...
Processing experimental data for subject sub-039  at /ptmp/hleosme/avr_data/rawdata/sub-039...
Processing experimental data for subject sub-037  at /ptmp/hleosme/avr_data/rawdata/sub-037...
Processing experimental data for subject sub-040  at /ptmp/hleosme/avr_data/rawdata/sub-040...
Processing experimental data for subject sub-011  at /ptmp/hleosme/avr_data/rawdata/sub-011...
Processing experimental data for subject sub-029  at /ptmp/hleosme/avr_data/rawdata/sub-029...
Processing experimental data for subject sub-032  at /ptmp/hleosme/avr_data/rawdata/sub-032...
Processing experimental data for subject sub-030  at /ptmp/hleosme/avr_data/rawdata/sub-030...
Processing experimental data for subject sub-003  at /ptmp/hleosme/avr_data/rawdata/sub-003...
Processing experimental data for subject sub-001  at /ptmp/hleosme/avr_data/rawdata/sub-001...
Processing experimental data for subject sub-024  at /ptmp/hleosme/avr_data/rawdata/sub-024...
Processing experimental data for subject sub-019  at /ptmp/hleosme/avr_data/rawdata/sub-019...
Processing experimental data for subject sub-022  at /ptmp/hleosme/avr_data/rawdata/sub-022...
Processing experimental data for subject sub-020  at /ptmp/hleosme/avr_data/rawdata/sub-020...
Processing experimental data for subject sub-043  at /ptmp/hleosme/avr_data/rawdata/sub-043...
Processing experimental data for subject sub-041  at /ptmp/hleosme/avr_data/rawdata/sub-041...
Processing experimental data for subject sub-014  at /ptmp/hleosme/avr_data/rawdata/sub-014...
Processing experimental data for subject sub-012  at /ptmp/hleosme/avr_data/rawdata/sub-012...
Processing experimental data for subject sub-035  at /ptmp/hleosme/avr_data/rawdata/sub-035...
Processing experimental data for subject sub-033  at /ptmp/hleosme/avr_data/rawdata/sub-033...
Processing experimental data for subject sub-031  at /ptmp/hleosme/avr_data/rawdata/sub-031...
Processing experimental data for subject sub-006  at /ptmp/hleosme/avr_data/rawdata/sub-006...
Processing experimental data for subject sub-004  at /ptmp/hleosme/avr_data/rawdata/sub-004...
Processing experimental data for subject sub-002  at /ptmp/hleosme/avr_data/rawdata/sub-002...
Processing experimental data for subject sub-027  at /ptmp/hleosme/avr_data/rawdata/sub-027...
Processing experimental data for subject sub-025  at /ptmp/hleosme/avr_data/rawdata/sub-025...
Processing experimental data for subject sub-023  at /ptmp/hleosme/avr_data/rawdata/sub-023...
                                  
================================= 
Global information about the job: 
================================= 
  
Job owner: hleosme(50175)
Job name:  avr_preprocess
Node list: ravc4041
Job start: Fri Aug 21 17:13:01 CEST 2026
Job end:   Fri Aug 21 17:16:23 CEST 2026
Work dir:  /u/hleosme/projects/avr-final-project/./
Command:   /raven/u/hleosme/projects/avr-final-project/run_analysis.sh
  
  
  
==========================================================================================
Information on jobsteps (Note: MaxRSS/AveRSS is the maximum/average over all 
tasks of the per-task memory high-water marks; cf. "man sacct"): 
==========================================================================================
  
JobID            JobName NNodes NTasks  NCPUS       MaxRSS       AveRSS    Elapsed ExitCode
------------- ---------- ------ ------ ------ ------------ ------------ ---------- --------
29444571      avr_prepro      1             8                             00:03:22      0:0
29444571.0        python      1      1      8      341.19M      341.19M   00:03:04      0:0
  
Maximum memory per node: 0.357765 GB (defined as MaxRSS*Ntasks/NNodes)
CPU utilization: 21.8 %
  
